
{
    "class": "streak.BasicStream",
    "operators": [
        {
            "name": "someOperator()",
            "categories": [
                "PEEKING"
            ]
        }
    ]
}