
{
    "class": "streak.ConstructorWithComments",
    "operators": [
        {
            "name": "ConstructorWithComments.empty()",
            "description": "Creates a stream that emits no items and immediately emits a completion signal",
            "link": "streak.ConstructorWithComments#empty()",
            "categories": [
                "CONSTRUCTION"
            ]
        },
        {
            "name": "ConstructorWithComments.of(values)",
            "description": "Creates a stream that emits the parameters as items and then emits the completion signal",
            "link": "streak.ConstructorWithComments#of(java.lang.Object[])",
            "categories": [
                "CONSTRUCTION"
            ]
        }
    ]
}
