
{
    "class": "streak.MultipleOperatorsStream",
    "operators": [
        {
            "name": "operatorA()",
            "link": "streak.MultipleOperatorsStream#operatorA()",
            "categories": [
                "PEEKING"
            ]
        },
        {
            "name": "operatorP()",
            "link": "streak.MultipleOperatorsStream#operatorP()",
            "categories": [
                "PEEKING"
            ]
        },
        {
            "name": "operatorQ()",
            "link": "streak.MultipleOperatorsStream#operatorQ()",
            "categories": [
                "PEEKING"
            ]
        },
        {
            "name": "operatorZ()",
            "link": "streak.MultipleOperatorsStream#operatorZ()",
            "categories": [
                "PEEKING"
            ]
        }
    ]
}
