
{
    "class": "streak.MultipleCategoriesStream",
    "operators": [
        {
            "name": "anOperator()",
            "javadoc-link": "streak/MultipleCategoriesStream.html#anOperator--",
            "categories": [
                "PEEKING",
                "TRANSFORMATION"
            ]
        }
    ]
}