
{
    "class": "streak.NonOperatorMethodsStream",
    "operators": [
        {
            "name": "operator(timeout)",
            "link": "streak.NonOperatorMethodsStream#operator(int)",
            "categories": [
                "PEEKING"
            ]
        }
    ]
}