
{
    "class": "streak.OperatorWithArrayParameterStream",
    "operators": [
        {
            "name": "someOperator(somePredicate)",
            "link": "streak.OperatorWithArrayParameterStream#someOperator(streak.OperatorWithArrayParameterStream[])",
            "categories": [
                "PEEKING"
            ]
        }
    ]
}
