
{
    "class": "streak.OverloadedOperatorsStream",
    "operators": [
        {
            "name": "operator(timeout)",
            "link": "streak.OverloadedOperatorsStream#operator(int)",
            "categories": [
                "PEEKING"
            ]
        },
        {
            "name": "operator(timeoutControlStream)",
            "link": "streak.OverloadedOperatorsStream#operator(streak.OverloadedOperatorsStream)",
            "categories": [
                "PEEKING"
            ]
        },
        {
            "name": "operator(timeoutFn)",
            "link": "streak.OverloadedOperatorsStream#operator(streak.OverloadedOperatorsStream.MyFunction)",
            "categories": [
                "PEEKING"
            ]
        }
    ]
}
