
{
    "class": "spritz.BasicStream",
    "operators": [
        {
            "name": "someOperator()",
            "description": "",
            "link": "spritz.BasicStream#someOperator()",
            "categories": [
                "PEEKING"
            ]
        }
    ]
}
