
{
    "class": "spritz.StreakBaseConstructor",
    "operators": [
        {
            "name": "StreakBaseConstructor.of(values)",
            "description": "",
            "link": "spritz.StreakBaseConstructor#of(java.lang.Object[])",
            "categories": [
                "CONSTRUCTION"
            ]
        },
        {
            "name": "StreakBaseConstructor.empty()",
            "description": "",
            "link": "spritz.StreakBaseConstructor#empty()",
            "categories": [
                "CONSTRUCTION"
            ]
        },
        {
            "name": "StreakBaseConstructor.concat(upstreams)",
            "description": "",
            "link": "spritz.StreakBaseConstructor#concat(spritz.StreakBaseConstructor.Stream[])",
            "categories": [
                "CONSTRUCTION"
            ]
        }
    ]
}
