
{
    "class": "spritz.OperatorWithArrayParameterStream",
    "operators": [
        {
            "name": "someOperator(somePredicate)",
            "description": "",
            "link": "spritz.OperatorWithArrayParameterStream#someOperator(spritz.OperatorWithArrayParameterStream[])",
            "categories": [
                "PEEKING"
            ]
        }
    ]
}
